// Jest Snapshot v1, https://goo.gl/fbAQLP

exports[`App renders App corectly 1`] = `
<div>
  <div
    class="app"
  >
    <div>
      <a
        href="/photos"
      >
        Go to Photos
      </a>
      <a
        href="/favorites"
      >
        Go to Favorites
      </a>
    </div>
  </div>
</div>
`;
